// Jest Snapshot v1, https://goo.gl/fbAQLP

exports[`Tests PokemonDetails component should render the details for one pokemon to the page 1`] = `
<div
  data-testid="display"
>
  <h1>
    You chose 
    !
  </h1>
  <img />
  <p>
    Pokemon: 
  </p>
  <p>
    HP: 
  </p>
  <p>
    Attack: 
  </p>
  <p>
    Defense: 
  </p>
  <p>
    Ability: 
  </p>
</div>
`;
