// Jest Snapshot v1, https://goo.gl/fbAQLP

exports[`Tests PokemonList component should render a list of pokemon to the page 1`] = `
<DocumentFragment>
  <div>
    <div>
      <p>
        Pokemon: venusaur
      </p>
      <img
        src="http://assets.pokemon.com/assets/cms2/img/pokedex/full/003.png"
      />
    </div>
  </div>
  <div>
    <div>
      <p>
        Pokemon: bulbasaur
      </p>
      <img
        src="http://assets.pokemon.com/assets/cms2/img/pokedex/full/001.png"
      />
    </div>
  </div>
</DocumentFragment>
`;
