// Jest Snapshot v1, https://goo.gl/fbAQLP

exports[`App component renders App 1`] = `
<DocumentFragment>
  <h1>
    Welcome!
  </h1>
  <nav>
    <li>
      <a
        href="/home"
      >
        Home List
      </a>
    </li>
    <li>
      <a
        href="/details"
      >
        Details
      </a>
    </li>
  </nav>
</DocumentFragment>
`;
